0;5;-1;-1;1;I see you found your way to the castle, get to work.;0;0;0;0;
1;2;-1;0;-1;You made to an end of a corridor, let's see if you can keepup the good work.;0;0;0;0;
2;3;1;-1;-1;Still in the same corridor.;0;0;0;0;
3;4;2;6;-1;There's a door in front of an ugly painting, west of the   corridor, that seem to have a room behind it.;0;0;0;0;
4;-1;3;7;-1;The corner of this infernal corridor, look, there's even a little flower on the north-west corner.;0;0;0;0;
5;6;0;8;-1;This seems to be the main hall, since there is a fireplace west of the room.;0;0;0;0;
6;7;5;9;3;A trap room, you might dodge the trap if you're lucky      enough.;0;1;0;0;
7;-1;6;-1;4;One end of the corridor, finally, the door south seems to  lead somewhere.;0;0;0;0;
8;-1;-1;11;5;This appears to be... a corridor, where can it lead us to!?;0;0;0;0;
9;10;-1;-1;6;The shadows in this room indicate that you are near the outdoors of the castle.;0;0;0;0;
10;22;9;13;-1;The outdoors of the castle are one door away, but what is  the right path?;0;0;0;0;
11;12;-1;15;8;One end of this corridor, both north and east doors seem tolead somewhere.;0;0;0;0;
12;-1;11;-1;-1;Welcome to what seems to be a painful death.;0;0;0;1;
13;-1;-1;16;10;A trap room, you might dodge the trap if you're lucky      enough.;0;1;0;0;
14;15;-1;17;-1;Just another damned part of a corridor.;0;0;0;0;
15;-1;14;-1;11;A trap room, you might dodge the trap if you're lucky      enough.;0;1;0;0;
16;-1;18;-1;13;Just a normal room.;0;0;1;0;
17;18;-1;-1;14;Infernal corridor corner with two plants covering the southand east walls.;0;0;0;0;
18;16;17;-1;-1;North of this corridor is a dusty door with spider webs allover it, what can this room be!?;0;0;0;0;
19;-1;20;46;-1;This seems to be a huge empty room with nothing but you    inside.;0;0;0;0;
20;19;-1;-1;-1;YES, you made it to the king's room. It's time for you to  finish your task.;1;0;0;0;
21;-1;-1;22;-1;A trap room, you might dodge the trap if you're lucky      enough.;0;1;0;0;
22;23;10;23;21;The 'beautiful' outdoors, which way can the king be...;0;0;0;0;
23;-1;22;24;22;You seem to be on a path that may lead to another castle   entrance.;0;0;0;0;
24;-1;-1;25;23;The castle security seem to have increased east of this    path.;0;0;0;0;
25;-1;32;26;24;Let's keep moving, you seem to be on the right path.;0;0;0;0;
26;-1;33;27;25;Still moving toward your goal.;0;0;0;0;
27;-1;34;28;26;Welcome to what seems to be a painful death.;0;0;0;1;
28;-1;-1;-1;27;I think you couldn't have made a worse choice, good luck!;0;0;0;0;
29;-1;36;30;-1;Flowers, flowers everywhere.;0;0;0;0;
30;-1;37;38;29;Flowers north and so close to the western castle door.;0;0;0;0;
31;-1;-1;32;-1;Welcome to what seems to be a painful death.;0;0;0;1;
32;25;-1;-1;31;So many flowers, why did it have to be a garden.;0;0;0;0;
33;26;-1;34;-1;Still moving on the path, keep up the good work.;0;0;0;0;
34;27;-1;35;33;This path is not too colourful but still enough to make anyone sick.;0;0;0;0;
35;-1;-1;36;34;Follow the path!;0;0;0;0;
36;29;44;37;35;So many possibilities.;0;0;0;0;
37;30;41;39;36;Which path can lead you to you goal... There are so many ofthem and they all look alike.;0;0;0;0;
38;-1;-1;40;30;A trap room, you might dodge the trap if you're lucky      enough.;0;1;0;0;
39;-1;-1;-1;37;Just a normal room.;0;0;1;0;
40;-1;-1;-1;38;Welcome to what seems to be a painful death.;0;0;0;1;
41;37;42;-1;-1;This room can lead you to the outdoors or a secret part of the castle.;0;0;0;0;
42;41;-1;-1;43;A trap room, you might dodge the trap if you're lucky      enough.;0;1;0;0;
43;44;-1;42;45;Yet another end of a corridor with two huge doors north andeast of the room that seem to lead somewhere.;0;0;0;0;
44;36;43;-1;-1;Welcome to what seems to be a painful death.;0;0;0;1;
45;46;-1;43;-1;In a corridor, could it lead you to where you want to go?;0;0;0;0;
46;-1;45;-1;19;There's a MASSIVE door west of this corridor, can this be  it?;0;0;0;0;